   1               		.file	"hook.c"
   2               	__SP_H__ = 0x3e
   3               	__SP_L__ = 0x3d
   4               	__SREG__ = 0x3f
   5               	__tmp_reg__ = 0
   6               	__zero_reg__ = 1
   7               		.text
   8               	.Ltext0:
   9               		.cfi_sections	.debug_frame
  10               		.section	.text.hook_keyboard_loop,"ax",@progbits
  11               		.weak	hook_keyboard_loop
  13               	hook_keyboard_loop:
  14               	.LFB3:
  15               		.file 1 "/users/hunter/downloads/tmk_core/common/hook.c"
   1:/users/hunter/downloads/tmk_core/common/hook.c **** /*
   2:/users/hunter/downloads/tmk_core/common/hook.c **** Copyright 2016 Jun Wako <wakojun@gmail.com>
   3:/users/hunter/downloads/tmk_core/common/hook.c **** 
   4:/users/hunter/downloads/tmk_core/common/hook.c **** This program is free software: you can redistribute it and/or modify
   5:/users/hunter/downloads/tmk_core/common/hook.c **** it under the terms of the GNU General Public License as published by
   6:/users/hunter/downloads/tmk_core/common/hook.c **** the Free Software Foundation, either version 2 of the License, or
   7:/users/hunter/downloads/tmk_core/common/hook.c **** (at your option) any later version.
   8:/users/hunter/downloads/tmk_core/common/hook.c **** 
   9:/users/hunter/downloads/tmk_core/common/hook.c **** This program is distributed in the hope that it will be useful,
  10:/users/hunter/downloads/tmk_core/common/hook.c **** but WITHOUT ANY WARRANTY; without even the implied warranty of
  11:/users/hunter/downloads/tmk_core/common/hook.c **** MERCHANTABILITY or FITNESS FOR A PARTICULAR PURPOSE.  See the
  12:/users/hunter/downloads/tmk_core/common/hook.c **** GNU General Public License for more details.
  13:/users/hunter/downloads/tmk_core/common/hook.c **** 
  14:/users/hunter/downloads/tmk_core/common/hook.c **** You should have received a copy of the GNU General Public License
  15:/users/hunter/downloads/tmk_core/common/hook.c **** along with this program.  If not, see <http://www.gnu.org/licenses/>.
  16:/users/hunter/downloads/tmk_core/common/hook.c **** */
  17:/users/hunter/downloads/tmk_core/common/hook.c **** 
  18:/users/hunter/downloads/tmk_core/common/hook.c **** #include "keyboard.h"
  19:/users/hunter/downloads/tmk_core/common/hook.c **** #include "hook.h"
  20:/users/hunter/downloads/tmk_core/common/hook.c **** 
  21:/users/hunter/downloads/tmk_core/common/hook.c **** /* -------------------------------------------------
  22:/users/hunter/downloads/tmk_core/common/hook.c ****  * Definitions of default hooks
  23:/users/hunter/downloads/tmk_core/common/hook.c ****  * ------------------------------------------------- */
  24:/users/hunter/downloads/tmk_core/common/hook.c **** 
  25:/users/hunter/downloads/tmk_core/common/hook.c **** __attribute__((weak))
  26:/users/hunter/downloads/tmk_core/common/hook.c **** void hook_keyboard_loop(void) {}
  16               		.loc 1 26 0
  17               		.cfi_startproc
  18               	/* prologue: function */
  19               	/* frame size = 0 */
  20               	/* stack size = 0 */
  21               	.L__stack_usage = 0
  22               	/* epilogue start */
  23               		.loc 1 26 0
  24 0000 0895      		ret
  25               		.cfi_endproc
  26               	.LFE3:
  28               		.section	.text.hook_matrix_change,"ax",@progbits
  29               		.weak	hook_matrix_change
  31               	hook_matrix_change:
  32               	.LFB4:
  27:/users/hunter/downloads/tmk_core/common/hook.c **** 
  28:/users/hunter/downloads/tmk_core/common/hook.c **** __attribute__((weak))
  29:/users/hunter/downloads/tmk_core/common/hook.c **** void hook_matrix_change(keyevent_t event) {
  33               		.loc 1 29 0
  34               		.cfi_startproc
  35 0000 CF93      		push r28
  36               	.LCFI0:
  37               		.cfi_def_cfa_offset 3
  38               		.cfi_offset 28, -2
  39 0002 DF93      		push r29
  40               	.LCFI1:
  41               		.cfi_def_cfa_offset 4
  42               		.cfi_offset 29, -3
  43 0004 00D0      		rcall .
  44 0006 00D0      		rcall .
  45 0008 1F92      		push __zero_reg__
  46               	.LCFI2:
  47               		.cfi_def_cfa_offset 9
  48 000a CDB7      		in r28,__SP_L__
  49 000c DEB7      		in r29,__SP_H__
  50               	.LCFI3:
  51               		.cfi_def_cfa_register 28
  52               	/* prologue: function */
  53               	/* frame size = 5 */
  54               	/* stack size = 7 */
  55               	.L__stack_usage = 7
  56               	/* epilogue start */
  30:/users/hunter/downloads/tmk_core/common/hook.c ****     (void)event;
  31:/users/hunter/downloads/tmk_core/common/hook.c **** }
  57               		.loc 1 31 0
  58 000e 0F90      		pop __tmp_reg__
  59 0010 0F90      		pop __tmp_reg__
  60 0012 0F90      		pop __tmp_reg__
  61 0014 0F90      		pop __tmp_reg__
  62 0016 0F90      		pop __tmp_reg__
  63 0018 DF91      		pop r29
  64 001a CF91      		pop r28
  65 001c 0895      		ret
  66               		.cfi_endproc
  67               	.LFE4:
  69               		.section	.text.hook_default_layer_change,"ax",@progbits
  70               		.weak	hook_default_layer_change
  72               	hook_default_layer_change:
  73               	.LFB5:
  32:/users/hunter/downloads/tmk_core/common/hook.c **** 
  33:/users/hunter/downloads/tmk_core/common/hook.c **** __attribute__((weak))
  34:/users/hunter/downloads/tmk_core/common/hook.c **** void hook_default_layer_change(uint32_t default_layer_state) {
  74               		.loc 1 34 0
  75               		.cfi_startproc
  76               	.LVL0:
  77               	/* prologue: function */
  78               	/* frame size = 0 */
  79               	/* stack size = 0 */
  80               	.L__stack_usage = 0
  81               	/* epilogue start */
  35:/users/hunter/downloads/tmk_core/common/hook.c ****     (void)default_layer_state;
  36:/users/hunter/downloads/tmk_core/common/hook.c **** }
  82               		.loc 1 36 0
  83 0000 0895      		ret
  84               		.cfi_endproc
  85               	.LFE5:
  87               		.section	.text.hook_layer_change,"ax",@progbits
  88               		.weak	hook_layer_change
  90               	hook_layer_change:
  91               	.LFB12:
  92               		.cfi_startproc
  93               	/* prologue: function */
  94               	/* frame size = 0 */
  95               	/* stack size = 0 */
  96               	.L__stack_usage = 0
  97               	/* epilogue start */
  98 0000 0895      		ret
  99               		.cfi_endproc
 100               	.LFE12:
 102               		.section	.text.hook_keyboard_leds_change,"ax",@progbits
 103               		.weak	hook_keyboard_leds_change
 105               	hook_keyboard_leds_change:
 106               	.LFB7:
  37:/users/hunter/downloads/tmk_core/common/hook.c **** 
  38:/users/hunter/downloads/tmk_core/common/hook.c **** __attribute__((weak))
  39:/users/hunter/downloads/tmk_core/common/hook.c **** void hook_layer_change(uint32_t layer_state) {
  40:/users/hunter/downloads/tmk_core/common/hook.c ****     (void)layer_state;
  41:/users/hunter/downloads/tmk_core/common/hook.c **** }
  42:/users/hunter/downloads/tmk_core/common/hook.c **** 
  43:/users/hunter/downloads/tmk_core/common/hook.c **** __attribute__((weak))
  44:/users/hunter/downloads/tmk_core/common/hook.c **** void hook_keyboard_leds_change(uint8_t led_status) {
 107               		.loc 1 44 0
 108               		.cfi_startproc
 109               	.LVL1:
 110               	/* prologue: function */
 111               	/* frame size = 0 */
 112               	/* stack size = 0 */
 113               	.L__stack_usage = 0
  45:/users/hunter/downloads/tmk_core/common/hook.c ****     keyboard_set_leds(led_status);
 114               		.loc 1 45 0
 115 0000 0C94 0000 		jmp keyboard_set_leds
 116               	.LVL2:
 117               		.cfi_endproc
 118               	.LFE7:
 120               		.section	.text.hook_bootmagic,"ax",@progbits
 121               		.weak	hook_bootmagic
 123               	hook_bootmagic:
 124               	.LFB10:
 125               		.cfi_startproc
 126               	/* prologue: function */
 127               	/* frame size = 0 */
 128               	/* stack size = 0 */
 129               	.L__stack_usage = 0
 130               	/* epilogue start */
 131 0000 0895      		ret
 132               		.cfi_endproc
 133               	.LFE10:
 135               		.text
 136               	.Letext0:
 137               		.file 2 "/opt/local/avr/include/stdint.h"
 138               		.file 3 "/users/hunter/downloads/tmk_core/common/keyboard.h"
DEFINED SYMBOLS
                            *ABS*:0000000000000000 hook.c
/var/folders/qj/kb_cqn1j20vbbrqdphlhjt3c0000gn/T//ccl5T3kI.s:2      *ABS*:000000000000003e __SP_H__
/var/folders/qj/kb_cqn1j20vbbrqdphlhjt3c0000gn/T//ccl5T3kI.s:3      *ABS*:000000000000003d __SP_L__
/var/folders/qj/kb_cqn1j20vbbrqdphlhjt3c0000gn/T//ccl5T3kI.s:4      *ABS*:000000000000003f __SREG__
/var/folders/qj/kb_cqn1j20vbbrqdphlhjt3c0000gn/T//ccl5T3kI.s:5      *ABS*:0000000000000000 __tmp_reg__
/var/folders/qj/kb_cqn1j20vbbrqdphlhjt3c0000gn/T//ccl5T3kI.s:6      *ABS*:0000000000000001 __zero_reg__
/var/folders/qj/kb_cqn1j20vbbrqdphlhjt3c0000gn/T//ccl5T3kI.s:13     .text.hook_keyboard_loop:0000000000000000 hook_keyboard_loop
/var/folders/qj/kb_cqn1j20vbbrqdphlhjt3c0000gn/T//ccl5T3kI.s:31     .text.hook_matrix_change:0000000000000000 hook_matrix_change
/var/folders/qj/kb_cqn1j20vbbrqdphlhjt3c0000gn/T//ccl5T3kI.s:72     .text.hook_default_layer_change:0000000000000000 hook_default_layer_change
/var/folders/qj/kb_cqn1j20vbbrqdphlhjt3c0000gn/T//ccl5T3kI.s:90     .text.hook_layer_change:0000000000000000 hook_layer_change
/var/folders/qj/kb_cqn1j20vbbrqdphlhjt3c0000gn/T//ccl5T3kI.s:105    .text.hook_keyboard_leds_change:0000000000000000 hook_keyboard_leds_change
/var/folders/qj/kb_cqn1j20vbbrqdphlhjt3c0000gn/T//ccl5T3kI.s:123    .text.hook_bootmagic:0000000000000000 hook_bootmagic

UNDEFINED SYMBOLS
keyboard_set_leds
